mode: set
github.com/anandasatriaadi/go-idx-scraper/internal/config/config.go:63.47,65.17 2 1
github.com/anandasatriaadi/go-idx-scraper/internal/config/config.go:65.17,70.42 4 1
github.com/anandasatriaadi/go-idx-scraper/internal/config/config.go:70.42,73.4 2 0
github.com/anandasatriaadi/go-idx-scraper/internal/config/config.go:75.3,76.43 2 1
github.com/anandasatriaadi/go-idx-scraper/internal/config/config.go:76.43,79.4 2 0
github.com/anandasatriaadi/go-idx-scraper/internal/config/config.go:82.3,82.36 1 1
github.com/anandasatriaadi/go-idx-scraper/internal/config/config.go:82.36,85.4 2 0
github.com/anandasatriaadi/go-idx-scraper/internal/config/config.go:87.3,90.18 3 1
github.com/anandasatriaadi/go-idx-scraper/internal/config/config.go:92.2,92.16 1 1
github.com/anandasatriaadi/go-idx-scraper/internal/config/config.go:92.16,94.3 1 0
github.com/anandasatriaadi/go-idx-scraper/internal/config/config.go:95.2,95.22 1 1
github.com/anandasatriaadi/go-idx-scraper/internal/config/config.go:98.20,100.2 1 0
github.com/anandasatriaadi/go-idx-scraper/internal/config/config.go:102.45,104.2 1 0
github.com/anandasatriaadi/go-idx-scraper/internal/config/config.go:107.35,108.30 1 1
github.com/anandasatriaadi/go-idx-scraper/internal/config/config.go:108.30,110.3 1 1
github.com/anandasatriaadi/go-idx-scraper/internal/config/config.go:111.2,111.34 1 1
github.com/anandasatriaadi/go-idx-scraper/internal/config/config.go:111.34,113.3 1 0
github.com/anandasatriaadi/go-idx-scraper/internal/config/config.go:114.2,114.37 1 1
github.com/anandasatriaadi/go-idx-scraper/internal/config/config.go:114.37,115.74 1 0
github.com/anandasatriaadi/go-idx-scraper/internal/config/config.go:115.74,117.4 1 0
github.com/anandasatriaadi/go-idx-scraper/internal/config/config.go:119.2,119.27 1 1
github.com/anandasatriaadi/go-idx-scraper/internal/config/config.go:119.27,121.3 1 0
github.com/anandasatriaadi/go-idx-scraper/internal/config/config.go:122.2,122.36 1 1
github.com/anandasatriaadi/go-idx-scraper/internal/config/config.go:122.36,123.27 1 1
github.com/anandasatriaadi/go-idx-scraper/internal/config/config.go:123.27,125.4 1 1
github.com/anandasatriaadi/go-idx-scraper/internal/config/config.go:127.2,127.57 1 1
github.com/anandasatriaadi/go-idx-scraper/internal/config/config.go:127.57,129.3 1 0
github.com/anandasatriaadi/go-idx-scraper/internal/config/config.go:130.2,130.27 1 1
github.com/anandasatriaadi/go-idx-scraper/internal/config/config.go:130.27,132.3 1 0
github.com/anandasatriaadi/go-idx-scraper/internal/config/config.go:133.2,133.59 1 1
github.com/anandasatriaadi/go-idx-scraper/internal/config/config.go:133.59,135.3 1 1
github.com/anandasatriaadi/go-idx-scraper/internal/config/config.go:136.2,136.12 1 1
github.com/anandasatriaadi/go-idx-scraper/internal/config/config.go:140.38,141.48 1 1
github.com/anandasatriaadi/go-idx-scraper/internal/config/config.go:141.48,143.3 1 1
github.com/anandasatriaadi/go-idx-scraper/internal/config/config.go:144.2,144.13 1 0
github.com/anandasatriaadi/go-idx-scraper/internal/config/config.go:148.35,151.2 2 1
github.com/anandasatriaadi/go-idx-scraper/internal/config/config.go:154.38,157.2 2 1
github.com/anandasatriaadi/go-idx-scraper/internal/browser/selenium.go:19.66,22.16 2 0
github.com/anandasatriaadi/go-idx-scraper/internal/browser/selenium.go:22.16,24.3 1 0
github.com/anandasatriaadi/go-idx-scraper/internal/browser/selenium.go:26.2,33.16 4 0
github.com/anandasatriaadi/go-idx-scraper/internal/browser/selenium.go:33.16,35.3 1 0
github.com/anandasatriaadi/go-idx-scraper/internal/browser/selenium.go:37.2,49.26 3 0
github.com/anandasatriaadi/go-idx-scraper/internal/browser/selenium.go:49.26,51.3 1 0
github.com/anandasatriaadi/go-idx-scraper/internal/browser/selenium.go:53.2,53.36 1 0
github.com/anandasatriaadi/go-idx-scraper/internal/browser/selenium.go:53.36,55.3 1 0
github.com/anandasatriaadi/go-idx-scraper/internal/browser/selenium.go:57.2,60.16 3 0
github.com/anandasatriaadi/go-idx-scraper/internal/browser/selenium.go:60.16,63.3 2 0
github.com/anandasatriaadi/go-idx-scraper/internal/browser/selenium.go:65.2,68.8 1 0
github.com/anandasatriaadi/go-idx-scraper/internal/browser/selenium.go:71.35,72.21 1 0
github.com/anandasatriaadi/go-idx-scraper/internal/browser/selenium.go:72.21,74.3 1 0
github.com/anandasatriaadi/go-idx-scraper/internal/browser/selenium.go:75.2,75.22 1 0
github.com/anandasatriaadi/go-idx-scraper/internal/browser/selenium.go:75.22,77.3 1 0
github.com/anandasatriaadi/go-idx-scraper/internal/browser/selenium.go:80.33,82.16 2 1
github.com/anandasatriaadi/go-idx-scraper/internal/browser/selenium.go:82.16,84.3 1 0
github.com/anandasatriaadi/go-idx-scraper/internal/browser/selenium.go:85.2,86.16 2 1
github.com/anandasatriaadi/go-idx-scraper/internal/browser/selenium.go:86.16,88.3 1 0
github.com/anandasatriaadi/go-idx-scraper/internal/browser/selenium.go:89.2,90.42 2 1
github.com/anandasatriaadi/go-idx-scraper/internal/browser/selenium.go:93.32,96.16 2 1
github.com/anandasatriaadi/go-idx-scraper/internal/browser/selenium.go:96.16,98.3 1 0
github.com/anandasatriaadi/go-idx-scraper/internal/browser/selenium.go:101.2,107.32 2 1
github.com/anandasatriaadi/go-idx-scraper/internal/browser/selenium.go:107.32,108.41 1 1
github.com/anandasatriaadi/go-idx-scraper/internal/browser/selenium.go:108.41,110.4 1 0
github.com/anandasatriaadi/go-idx-scraper/internal/browser/selenium.go:113.2,113.23 1 1
github.com/anandasatriaadi/go-idx-scraper/main.go:9.13,11.2 1 0
github.com/anandasatriaadi/go-idx-scraper/internal/infra/db/mongo/announcement_repo.go:17.76,21.2 1 0
github.com/anandasatriaadi/go-idx-scraper/internal/infra/db/mongo/announcement_repo.go:23.102,25.30 2 0
github.com/anandasatriaadi/go-idx-scraper/internal/infra/db/mongo/announcement_repo.go:25.30,27.3 1 0
github.com/anandasatriaadi/go-idx-scraper/internal/infra/db/mongo/announcement_repo.go:28.2,30.12 3 0
github.com/anandasatriaadi/go-idx-scraper/internal/infra/db/mongo/announcement_repo.go:33.158,35.16 2 0
github.com/anandasatriaadi/go-idx-scraper/internal/infra/db/mongo/announcement_repo.go:35.16,37.3 1 0
github.com/anandasatriaadi/go-idx-scraper/internal/infra/db/mongo/announcement_repo.go:38.2,41.49 3 0
github.com/anandasatriaadi/go-idx-scraper/internal/infra/db/mongo/announcement_repo.go:41.49,43.3 1 0
github.com/anandasatriaadi/go-idx-scraper/internal/infra/db/mongo/announcement_repo.go:44.2,44.21 1 0
github.com/anandasatriaadi/go-idx-scraper/internal/infra/db/mongo/announcement_repo.go:47.111,50.16 3 0
github.com/anandasatriaadi/go-idx-scraper/internal/infra/db/mongo/announcement_repo.go:50.16,52.3 1 0
github.com/anandasatriaadi/go-idx-scraper/internal/infra/db/mongo/announcement_repo.go:53.2,53.20 1 0
github.com/anandasatriaadi/go-idx-scraper/internal/infra/db/mongo/announcement_repo.go:56.87,59.2 2 0
github.com/anandasatriaadi/go-idx-scraper/internal/infra/db/mongo/client.go:13.59,20.16 6 0
github.com/anandasatriaadi/go-idx-scraper/internal/infra/db/mongo/client.go:20.16,22.3 1 0
github.com/anandasatriaadi/go-idx-scraper/internal/infra/db/mongo/client.go:24.2,24.46 1 0
github.com/anandasatriaadi/go-idx-scraper/internal/infra/db/mongo/client.go:24.46,26.3 1 0
github.com/anandasatriaadi/go-idx-scraper/internal/infra/db/mongo/client.go:28.2,29.20 2 0
github.com/anandasatriaadi/go-idx-scraper/internal/infra/db/mongo/financial_report_repo.go:16.76,20.2 1 0
github.com/anandasatriaadi/go-idx-scraper/internal/infra/db/mongo/financial_report_repo.go:22.105,24.30 2 0
github.com/anandasatriaadi/go-idx-scraper/internal/infra/db/mongo/financial_report_repo.go:24.30,26.3 1 0
github.com/anandasatriaadi/go-idx-scraper/internal/infra/db/mongo/financial_report_repo.go:27.2,29.12 3 0
github.com/anandasatriaadi/go-idx-scraper/internal/infra/db/mongo/financial_report_repo.go:32.161,34.16 2 0
github.com/anandasatriaadi/go-idx-scraper/internal/infra/db/mongo/financial_report_repo.go:34.16,36.3 1 0
github.com/anandasatriaadi/go-idx-scraper/internal/infra/db/mongo/financial_report_repo.go:37.2,40.49 3 0
github.com/anandasatriaadi/go-idx-scraper/internal/infra/db/mongo/financial_report_repo.go:40.49,42.3 1 0
github.com/anandasatriaadi/go-idx-scraper/internal/infra/db/mongo/financial_report_repo.go:43.2,43.21 1 0
github.com/anandasatriaadi/go-idx-scraper/internal/infra/db/mongo/news_repo.go:19.60,23.2 1 0
github.com/anandasatriaadi/go-idx-scraper/internal/infra/db/mongo/news_repo.go:26.78,28.30 2 0
github.com/anandasatriaadi/go-idx-scraper/internal/infra/db/mongo/news_repo.go:28.30,30.3 1 0
github.com/anandasatriaadi/go-idx-scraper/internal/infra/db/mongo/news_repo.go:31.2,33.12 3 0
github.com/anandasatriaadi/go-idx-scraper/internal/infra/db/mongo/news_repo.go:37.94,40.16 3 0
github.com/anandasatriaadi/go-idx-scraper/internal/infra/db/mongo/news_repo.go:40.16,42.3 1 0
github.com/anandasatriaadi/go-idx-scraper/internal/infra/db/mongo/news_repo.go:43.2,43.20 1 0
github.com/anandasatriaadi/go-idx-scraper/internal/infra/db/mongo/news_repo.go:47.134,49.16 2 0
github.com/anandasatriaadi/go-idx-scraper/internal/infra/db/mongo/news_repo.go:49.16,51.3 1 0
github.com/anandasatriaadi/go-idx-scraper/internal/infra/db/mongo/news_repo.go:52.2,55.49 3 0
github.com/anandasatriaadi/go-idx-scraper/internal/infra/db/mongo/news_repo.go:55.49,57.3 1 0
github.com/anandasatriaadi/go-idx-scraper/internal/infra/db/mongo/news_repo.go:58.2,58.21 1 0
github.com/anandasatriaadi/go-idx-scraper/internal/infra/db/mongo/news_repo.go:62.94,64.28 2 0
github.com/anandasatriaadi/go-idx-scraper/internal/infra/db/mongo/news_repo.go:65.14,66.16 1 0
github.com/anandasatriaadi/go-idx-scraper/internal/infra/db/mongo/news_repo.go:67.30,68.24 1 0
github.com/anandasatriaadi/go-idx-scraper/internal/infra/db/mongo/news_repo.go:69.10,73.13 2 0
github.com/anandasatriaadi/go-idx-scraper/internal/infra/db/mongo/news_repo.go:76.2,76.30 1 0
github.com/anandasatriaadi/go-idx-scraper/internal/infra/db/mongo/news_repo.go:76.30,78.3 1 0
github.com/anandasatriaadi/go-idx-scraper/internal/infra/db/mongo/news_repo.go:79.2,83.12 4 0
github.com/anandasatriaadi/go-idx-scraper/internal/infra/db/mongo/system_repo.go:17.64,21.2 1 0
github.com/anandasatriaadi/go-idx-scraper/internal/infra/db/mongo/system_repo.go:23.142,26.16 3 0
github.com/anandasatriaadi/go-idx-scraper/internal/infra/db/mongo/system_repo.go:26.16,28.3 1 0
github.com/anandasatriaadi/go-idx-scraper/internal/infra/db/mongo/system_repo.go:29.2,29.20 1 0
github.com/anandasatriaadi/go-idx-scraper/internal/infra/db/mongo/system_repo.go:32.139,34.28 2 0
github.com/anandasatriaadi/go-idx-scraper/internal/infra/db/mongo/system_repo.go:35.14,36.16 1 0
github.com/anandasatriaadi/go-idx-scraper/internal/infra/db/mongo/system_repo.go:37.30,38.24 1 0
github.com/anandasatriaadi/go-idx-scraper/internal/infra/db/mongo/system_repo.go:39.10,41.13 2 0
github.com/anandasatriaadi/go-idx-scraper/internal/infra/db/mongo/system_repo.go:44.2,44.30 1 0
github.com/anandasatriaadi/go-idx-scraper/internal/infra/db/mongo/system_repo.go:44.30,46.3 1 0
github.com/anandasatriaadi/go-idx-scraper/internal/infra/db/mongo/system_repo.go:47.2,50.38 3 0
github.com/anandasatriaadi/go-idx-scraper/internal/infra/db/mongo/system_repo.go:50.38,52.3 1 0
github.com/anandasatriaadi/go-idx-scraper/internal/infra/db/mongo/system_repo.go:53.2,57.12 4 0
github.com/anandasatriaadi/go-idx-scraper/cmd/announcement.go:34.47,36.3 1 0
github.com/anandasatriaadi/go-idx-scraper/cmd/announcement.go:39.44,41.16 2 0
github.com/anandasatriaadi/go-idx-scraper/cmd/announcement.go:41.16,44.3 2 0
github.com/anandasatriaadi/go-idx-scraper/cmd/announcement.go:45.2,46.50 2 0
github.com/anandasatriaadi/go-idx-scraper/cmd/announcement.go:46.50,49.3 2 0
github.com/anandasatriaadi/go-idx-scraper/cmd/announcement.go:50.2,68.89 2 0
github.com/anandasatriaadi/go-idx-scraper/cmd/announcement.go:68.89,70.5 1 0
github.com/anandasatriaadi/go-idx-scraper/cmd/announcement.go:77.2,78.16 2 0
github.com/anandasatriaadi/go-idx-scraper/cmd/announcement.go:78.16,81.3 2 0
github.com/anandasatriaadi/go-idx-scraper/cmd/announcement.go:82.2,85.16 3 0
github.com/anandasatriaadi/go-idx-scraper/cmd/announcement.go:85.16,88.3 2 0
github.com/anandasatriaadi/go-idx-scraper/cmd/announcement.go:90.2,90.16 1 0
github.com/anandasatriaadi/go-idx-scraper/cmd/announcement.go:90.16,92.3 1 0
github.com/anandasatriaadi/go-idx-scraper/cmd/announcement.go:94.2,95.16 2 0
github.com/anandasatriaadi/go-idx-scraper/cmd/announcement.go:95.16,98.3 2 0
github.com/anandasatriaadi/go-idx-scraper/cmd/announcement.go:99.2,103.16 4 0
github.com/anandasatriaadi/go-idx-scraper/cmd/announcement.go:103.16,106.3 2 0
github.com/anandasatriaadi/go-idx-scraper/cmd/announcement.go:108.2,115.16 7 0
github.com/anandasatriaadi/go-idx-scraper/cmd/announcement.go:115.16,116.40 1 0
github.com/anandasatriaadi/go-idx-scraper/cmd/announcement.go:116.40,118.4 1 0
github.com/anandasatriaadi/go-idx-scraper/cmd/announcement.go:118.9,121.4 2 0
github.com/anandasatriaadi/go-idx-scraper/cmd/announcement.go:122.8,124.66 2 0
github.com/anandasatriaadi/go-idx-scraper/cmd/announcement.go:124.66,128.4 3 0
github.com/anandasatriaadi/go-idx-scraper/cmd/announcement.go:132.2,136.48 4 0
github.com/anandasatriaadi/go-idx-scraper/cmd/announcement.go:136.48,139.3 2 0
github.com/anandasatriaadi/go-idx-scraper/cmd/announcement.go:140.2,142.16 3 0
github.com/anandasatriaadi/go-idx-scraper/cmd/announcement.go:142.16,145.3 2 0
github.com/anandasatriaadi/go-idx-scraper/cmd/announcement.go:146.2,147.16 2 0
github.com/anandasatriaadi/go-idx-scraper/cmd/announcement.go:147.16,150.3 2 0
github.com/anandasatriaadi/go-idx-scraper/cmd/announcement.go:151.2,154.60 3 0
github.com/anandasatriaadi/go-idx-scraper/cmd/announcement.go:154.60,158.3 3 0
github.com/anandasatriaadi/go-idx-scraper/cmd/announcement.go:160.2,161.16 2 0
github.com/anandasatriaadi/go-idx-scraper/cmd/announcement.go:161.16,164.3 2 0
github.com/anandasatriaadi/go-idx-scraper/cmd/announcement.go:165.2,169.16 3 0
github.com/anandasatriaadi/go-idx-scraper/cmd/announcement.go:169.16,172.3 2 0
github.com/anandasatriaadi/go-idx-scraper/cmd/announcement.go:173.2,174.35 2 0
github.com/anandasatriaadi/go-idx-scraper/cmd/announcement.go:174.35,176.3 1 0
github.com/anandasatriaadi/go-idx-scraper/cmd/announcement.go:177.2,181.36 3 0
github.com/anandasatriaadi/go-idx-scraper/cmd/announcement.go:181.36,182.29 1 0
github.com/anandasatriaadi/go-idx-scraper/cmd/announcement.go:182.29,183.12 1 0
github.com/anandasatriaadi/go-idx-scraper/cmd/announcement.go:185.3,188.24 4 0
github.com/anandasatriaadi/go-idx-scraper/cmd/announcement.go:188.24,191.4 2 0
github.com/anandasatriaadi/go-idx-scraper/cmd/announcement.go:192.3,192.67 1 0
github.com/anandasatriaadi/go-idx-scraper/cmd/announcement.go:192.67,195.4 2 0
github.com/anandasatriaadi/go-idx-scraper/cmd/announcement.go:197.2,199.23 2 0
github.com/anandasatriaadi/go-idx-scraper/cmd/announcement.go:199.23,200.30 1 0
github.com/anandasatriaadi/go-idx-scraper/cmd/announcement.go:200.30,201.47 1 0
github.com/anandasatriaadi/go-idx-scraper/cmd/announcement.go:201.47,203.5 1 0
github.com/anandasatriaadi/go-idx-scraper/cmd/announcement.go:205.3,205.72 1 0
github.com/anandasatriaadi/go-idx-scraper/cmd/announcement.go:206.8,208.12 2 0
github.com/anandasatriaadi/go-idx-scraper/cmd/announcement.go:212.2,212.23 1 0
github.com/anandasatriaadi/go-idx-scraper/cmd/announcement.go:212.23,215.17 2 0
github.com/anandasatriaadi/go-idx-scraper/cmd/announcement.go:215.17,218.4 2 0
github.com/anandasatriaadi/go-idx-scraper/cmd/announcement.go:219.3,219.29 1 0
github.com/anandasatriaadi/go-idx-scraper/cmd/announcement.go:219.29,221.4 1 0
github.com/anandasatriaadi/go-idx-scraper/cmd/announcement.go:224.2,233.68 4 0
github.com/anandasatriaadi/go-idx-scraper/cmd/announcement.go:233.68,236.4 2 0
github.com/anandasatriaadi/go-idx-scraper/cmd/announcement.go:237.3,247.32 4 0
github.com/anandasatriaadi/go-idx-scraper/cmd/announcement.go:247.32,248.34 1 0
github.com/anandasatriaadi/go-idx-scraper/cmd/announcement.go:248.34,256.44 6 0
github.com/anandasatriaadi/go-idx-scraper/cmd/announcement.go:256.44,257.72 1 0
github.com/anandasatriaadi/go-idx-scraper/cmd/announcement.go:257.72,260.12 3 0
github.com/anandasatriaadi/go-idx-scraper/cmd/announcement.go:263.5,263.18 1 0
github.com/anandasatriaadi/go-idx-scraper/cmd/announcement.go:263.18,265.6 1 0
github.com/anandasatriaadi/go-idx-scraper/cmd/announcement.go:266.10,268.5 1 0
github.com/anandasatriaadi/go-idx-scraper/cmd/announcement.go:271.3,271.29 1 0
github.com/anandasatriaadi/go-idx-scraper/cmd/announcement.go:271.29,273.55 2 0
github.com/anandasatriaadi/go-idx-scraper/cmd/announcement.go:273.55,275.33 2 0
github.com/anandasatriaadi/go-idx-scraper/cmd/announcement.go:275.33,277.6 1 0
github.com/anandasatriaadi/go-idx-scraper/cmd/announcement.go:278.5,283.19 4 0
github.com/anandasatriaadi/go-idx-scraper/cmd/announcement.go:283.19,285.14 2 0
github.com/anandasatriaadi/go-idx-scraper/cmd/announcement.go:288.5,288.69 1 0
github.com/anandasatriaadi/go-idx-scraper/cmd/announcement.go:288.69,290.6 1 0
github.com/anandasatriaadi/go-idx-scraper/cmd/announcement.go:290.11,292.6 1 0
github.com/anandasatriaadi/go-idx-scraper/cmd/announcement.go:294.5,294.33 1 0
github.com/anandasatriaadi/go-idx-scraper/cmd/announcement.go:294.33,297.6 1 0
github.com/anandasatriaadi/go-idx-scraper/cmd/announcement.go:299.9,301.4 1 0
github.com/anandasatriaadi/go-idx-scraper/cmd/announcement.go:305.2,309.47 4 0
github.com/anandasatriaadi/go-idx-scraper/cmd/downloader.go:26.47,28.3 1 0
github.com/anandasatriaadi/go-idx-scraper/cmd/downloader.go:38.22,40.16 2 0
github.com/anandasatriaadi/go-idx-scraper/cmd/downloader.go:40.16,42.3 1 0
github.com/anandasatriaadi/go-idx-scraper/cmd/downloader.go:43.2,46.16 3 0
github.com/anandasatriaadi/go-idx-scraper/cmd/downloader.go:46.16,49.3 2 0
github.com/anandasatriaadi/go-idx-scraper/cmd/downloader.go:51.2,51.16 1 0
github.com/anandasatriaadi/go-idx-scraper/cmd/downloader.go:51.16,53.3 1 0
github.com/anandasatriaadi/go-idx-scraper/cmd/downloader.go:56.2,57.16 2 0
github.com/anandasatriaadi/go-idx-scraper/cmd/downloader.go:57.16,60.3 2 0
github.com/anandasatriaadi/go-idx-scraper/cmd/downloader.go:61.2,66.15 4 0
github.com/anandasatriaadi/go-idx-scraper/cmd/downloader.go:66.15,67.31 1 0
github.com/anandasatriaadi/go-idx-scraper/cmd/downloader.go:67.31,70.4 2 0
github.com/anandasatriaadi/go-idx-scraper/cmd/downloader.go:74.2,76.12 3 0
github.com/anandasatriaadi/go-idx-scraper/cmd/downloader.go:76.12,80.3 3 0
github.com/anandasatriaadi/go-idx-scraper/cmd/downloader.go:83.2,84.16 2 0
github.com/anandasatriaadi/go-idx-scraper/cmd/downloader.go:84.16,87.3 2 0
github.com/anandasatriaadi/go-idx-scraper/cmd/downloader.go:88.2,88.61 1 0
github.com/anandasatriaadi/go-idx-scraper/cmd/downloader.go:91.101,93.16 2 0
github.com/anandasatriaadi/go-idx-scraper/cmd/downloader.go:93.16,96.3 2 0
github.com/anandasatriaadi/go-idx-scraper/cmd/downloader.go:97.2,99.27 3 0
github.com/anandasatriaadi/go-idx-scraper/cmd/downloader.go:102.81,104.39 2 0
github.com/anandasatriaadi/go-idx-scraper/cmd/downloader.go:104.39,105.45 1 0
github.com/anandasatriaadi/go-idx-scraper/cmd/downloader.go:105.45,106.20 1 0
github.com/anandasatriaadi/go-idx-scraper/cmd/downloader.go:107.27,109.35 2 0
github.com/anandasatriaadi/go-idx-scraper/cmd/downloader.go:110.15,112.38 2 0
github.com/anandasatriaadi/go-idx-scraper/cmd/downloader.go:113.47,115.38 2 0
github.com/anandasatriaadi/go-idx-scraper/cmd/downloader.go:119.2,119.12 1 0
github.com/anandasatriaadi/go-idx-scraper/cmd/downloader.go:122.135,127.40 1 0
github.com/anandasatriaadi/go-idx-scraper/cmd/downloader.go:127.40,129.3 1 0
github.com/anandasatriaadi/go-idx-scraper/cmd/downloader.go:131.2,135.88 3 0
github.com/anandasatriaadi/go-idx-scraper/cmd/downloader.go:135.88,137.3 1 0
github.com/anandasatriaadi/go-idx-scraper/cmd/downloader.go:140.2,145.6 4 0
github.com/anandasatriaadi/go-idx-scraper/cmd/downloader.go:145.6,146.10 1 0
github.com/anandasatriaadi/go-idx-scraper/cmd/downloader.go:147.21,150.20 3 0
github.com/anandasatriaadi/go-idx-scraper/cmd/downloader.go:151.18,153.41 2 0
github.com/anandasatriaadi/go-idx-scraper/cmd/downloader.go:154.19,155.47 1 0
github.com/anandasatriaadi/go-idx-scraper/cmd/downloader.go:155.47,157.19 2 0
github.com/anandasatriaadi/go-idx-scraper/cmd/downloader.go:161.2,161.12 1 0
github.com/anandasatriaadi/go-idx-scraper/cmd/downloader.go:164.129,168.39 3 0
github.com/anandasatriaadi/go-idx-scraper/cmd/downloader.go:168.39,169.10 1 0
github.com/anandasatriaadi/go-idx-scraper/cmd/downloader.go:170.21,172.10 2 0
github.com/anandasatriaadi/go-idx-scraper/cmd/downloader.go:173.11,173.11 0 0
github.com/anandasatriaadi/go-idx-scraper/cmd/downloader.go:176.3,179.35 3 0
github.com/anandasatriaadi/go-idx-scraper/cmd/downloader.go:179.35,182.4 2 0
github.com/anandasatriaadi/go-idx-scraper/cmd/downloader.go:182.9,184.4 1 0
github.com/anandasatriaadi/go-idx-scraper/cmd/downloader.go:186.3,187.47 2 0
github.com/anandasatriaadi/go-idx-scraper/cmd/downloader.go:187.47,189.12 2 0
github.com/anandasatriaadi/go-idx-scraper/cmd/downloader.go:192.3,195.79 3 0
github.com/anandasatriaadi/go-idx-scraper/cmd/downloader.go:195.79,197.12 2 0
github.com/anandasatriaadi/go-idx-scraper/cmd/downloader.go:199.3,199.57 1 0
github.com/anandasatriaadi/go-idx-scraper/cmd/downloader.go:202.2,202.32 1 0
github.com/anandasatriaadi/go-idx-scraper/cmd/downloader.go:202.32,205.3 2 0
github.com/anandasatriaadi/go-idx-scraper/cmd/downloader.go:207.2,208.16 2 0
github.com/anandasatriaadi/go-idx-scraper/cmd/downloader.go:208.16,210.3 1 0
github.com/anandasatriaadi/go-idx-scraper/cmd/downloader.go:212.2,213.62 2 0
github.com/anandasatriaadi/go-idx-scraper/cmd/downloader.go:213.62,215.3 1 0
github.com/anandasatriaadi/go-idx-scraper/cmd/issuer.go:22.47,24.3 1 0
github.com/anandasatriaadi/go-idx-scraper/cmd/issuer.go:28.54,30.25 2 0
github.com/anandasatriaadi/go-idx-scraper/cmd/issuer.go:30.25,32.3 1 0
github.com/anandasatriaadi/go-idx-scraper/cmd/issuer.go:33.2,33.12 1 0
github.com/anandasatriaadi/go-idx-scraper/cmd/issuer.go:36.25,38.16 2 0
github.com/anandasatriaadi/go-idx-scraper/cmd/issuer.go:38.16,40.3 1 0
github.com/anandasatriaadi/go-idx-scraper/cmd/issuer.go:41.2,45.16 3 0
github.com/anandasatriaadi/go-idx-scraper/cmd/issuer.go:45.16,48.3 2 0
github.com/anandasatriaadi/go-idx-scraper/cmd/issuer.go:50.2,50.16 1 0
github.com/anandasatriaadi/go-idx-scraper/cmd/issuer.go:50.16,52.3 1 0
github.com/anandasatriaadi/go-idx-scraper/cmd/issuer.go:54.2,55.16 2 0
github.com/anandasatriaadi/go-idx-scraper/cmd/issuer.go:55.16,58.3 2 0
github.com/anandasatriaadi/go-idx-scraper/cmd/issuer.go:59.2,63.16 3 0
github.com/anandasatriaadi/go-idx-scraper/cmd/issuer.go:63.16,66.3 2 0
github.com/anandasatriaadi/go-idx-scraper/cmd/issuer.go:67.2,70.16 3 0
github.com/anandasatriaadi/go-idx-scraper/cmd/issuer.go:70.16,73.3 2 0
github.com/anandasatriaadi/go-idx-scraper/cmd/issuer.go:74.2,74.33 1 0
github.com/anandasatriaadi/go-idx-scraper/cmd/issuer.go:74.33,75.33 1 0
github.com/anandasatriaadi/go-idx-scraper/cmd/issuer.go:75.33,78.4 2 0
github.com/anandasatriaadi/go-idx-scraper/cmd/issuer.go:82.2,82.73 1 0
github.com/anandasatriaadi/go-idx-scraper/cmd/issuer.go:82.73,85.3 2 0
github.com/anandasatriaadi/go-idx-scraper/cmd/issuer.go:86.2,86.75 1 0
github.com/anandasatriaadi/go-idx-scraper/cmd/issuer.go:89.72,92.40 2 0
github.com/anandasatriaadi/go-idx-scraper/cmd/issuer.go:92.40,94.3 1 0
github.com/anandasatriaadi/go-idx-scraper/cmd/issuer.go:96.2,99.16 3 0
github.com/anandasatriaadi/go-idx-scraper/cmd/issuer.go:99.16,101.3 1 0
github.com/anandasatriaadi/go-idx-scraper/cmd/issuer.go:102.2,103.16 2 0
github.com/anandasatriaadi/go-idx-scraper/cmd/issuer.go:103.16,105.3 1 0
github.com/anandasatriaadi/go-idx-scraper/cmd/issuer.go:107.2,108.60 2 0
github.com/anandasatriaadi/go-idx-scraper/cmd/issuer.go:108.60,110.3 1 0
github.com/anandasatriaadi/go-idx-scraper/cmd/issuer.go:111.2,111.23 1 0
github.com/anandasatriaadi/go-idx-scraper/cmd/issuer.go:115.57,117.16 2 0
github.com/anandasatriaadi/go-idx-scraper/cmd/issuer.go:117.16,119.3 1 0
github.com/anandasatriaadi/go-idx-scraper/cmd/issuer.go:120.2,120.59 1 0
github.com/anandasatriaadi/go-idx-scraper/cmd/issuer.go:120.59,122.3 1 0
github.com/anandasatriaadi/go-idx-scraper/cmd/issuer.go:123.2,123.12 1 0
github.com/anandasatriaadi/go-idx-scraper/cmd/root.go:17.13,26.2 7 0
github.com/anandasatriaadi/go-idx-scraper/cmd/root.go:28.22,30.2 1 0
github.com/anandasatriaadi/go-idx-scraper/cmd/scraper.go:27.47,29.3 1 0
github.com/anandasatriaadi/go-idx-scraper/cmd/scraper.go:32.13,35.2 2 0
github.com/anandasatriaadi/go-idx-scraper/cmd/scraper.go:37.19,39.16 2 0
github.com/anandasatriaadi/go-idx-scraper/cmd/scraper.go:39.16,41.3 1 0
github.com/anandasatriaadi/go-idx-scraper/cmd/scraper.go:42.2,45.16 3 0
github.com/anandasatriaadi/go-idx-scraper/cmd/scraper.go:45.16,48.3 2 0
github.com/anandasatriaadi/go-idx-scraper/cmd/scraper.go:51.2,53.16 3 0
github.com/anandasatriaadi/go-idx-scraper/cmd/scraper.go:53.16,55.3 1 0
github.com/anandasatriaadi/go-idx-scraper/cmd/scraper.go:58.2,63.16 3 0
github.com/anandasatriaadi/go-idx-scraper/cmd/scraper.go:63.16,65.3 1 0
github.com/anandasatriaadi/go-idx-scraper/cmd/scraper.go:68.2,70.16 3 0
github.com/anandasatriaadi/go-idx-scraper/cmd/scraper.go:70.16,72.3 1 0
github.com/anandasatriaadi/go-idx-scraper/cmd/scraper.go:73.2,82.27 5 0
github.com/anandasatriaadi/go-idx-scraper/cmd/scraper.go:82.27,84.3 1 0
github.com/anandasatriaadi/go-idx-scraper/cmd/scraper.go:84.8,86.17 2 0
github.com/anandasatriaadi/go-idx-scraper/cmd/scraper.go:86.17,88.4 1 0
github.com/anandasatriaadi/go-idx-scraper/cmd/scraper.go:91.2,91.25 1 0
github.com/anandasatriaadi/go-idx-scraper/cmd/scraper.go:91.25,93.3 1 0
github.com/anandasatriaadi/go-idx-scraper/cmd/scraper.go:93.8,95.17 2 0
github.com/anandasatriaadi/go-idx-scraper/cmd/scraper.go:95.17,97.4 1 0
github.com/anandasatriaadi/go-idx-scraper/cmd/scraper.go:100.2,102.73 2 0
github.com/anandasatriaadi/go-idx-scraper/cmd/scraper.go:102.73,103.48 1 0
github.com/anandasatriaadi/go-idx-scraper/cmd/scraper.go:103.48,105.4 1 0
github.com/anandasatriaadi/go-idx-scraper/cmd/scraper.go:106.3,107.13 2 0
github.com/anandasatriaadi/go-idx-scraper/cmd/scraper.go:110.2,110.16 1 0
github.com/anandasatriaadi/go-idx-scraper/cmd/scraper.go:110.16,112.3 1 0
github.com/anandasatriaadi/go-idx-scraper/cmd/scraper.go:114.2,114.18 1 0
github.com/anandasatriaadi/go-idx-scraper/cmd/scraper.go:114.18,115.53 1 0
github.com/anandasatriaadi/go-idx-scraper/cmd/scraper.go:115.53,117.4 1 0
github.com/anandasatriaadi/go-idx-scraper/cmd/server.go:27.47,29.3 1 0
github.com/anandasatriaadi/go-idx-scraper/cmd/server.go:33.86,34.46 1 0
github.com/anandasatriaadi/go-idx-scraper/cmd/server.go:34.46,35.72 1 0
github.com/anandasatriaadi/go-idx-scraper/cmd/server.go:35.72,37.24 2 0
github.com/anandasatriaadi/go-idx-scraper/cmd/server.go:37.24,40.5 2 0
github.com/anandasatriaadi/go-idx-scraper/cmd/server.go:42.4,43.94 2 0
github.com/anandasatriaadi/go-idx-scraper/cmd/server.go:43.94,46.5 2 0
github.com/anandasatriaadi/go-idx-scraper/cmd/server.go:47.4,49.18 3 0
github.com/anandasatriaadi/go-idx-scraper/cmd/server.go:49.18,52.5 2 0
github.com/anandasatriaadi/go-idx-scraper/cmd/server.go:53.4,53.24 1 0
github.com/anandasatriaadi/go-idx-scraper/cmd/server.go:58.20,65.16 4 0
github.com/anandasatriaadi/go-idx-scraper/cmd/server.go:65.16,67.3 1 0
github.com/anandasatriaadi/go-idx-scraper/cmd/server.go:70.2,73.16 4 0
github.com/anandasatriaadi/go-idx-scraper/cmd/server.go:73.16,75.3 1 0
github.com/anandasatriaadi/go-idx-scraper/cmd/server.go:76.2,77.16 2 0
github.com/anandasatriaadi/go-idx-scraper/cmd/server.go:77.16,79.3 1 0
github.com/anandasatriaadi/go-idx-scraper/cmd/server.go:82.2,83.16 2 0
github.com/anandasatriaadi/go-idx-scraper/cmd/server.go:83.16,85.3 1 0
github.com/anandasatriaadi/go-idx-scraper/cmd/server.go:86.2,110.40 15 0
github.com/anandasatriaadi/go-idx-scraper/cmd/server.go:110.40,114.3 3 0
github.com/anandasatriaadi/go-idx-scraper/cmd/server.go:116.2,117.44 2 0
github.com/anandasatriaadi/go-idx-scraper/tools/mongo_repo/main.go:41.31,47.2 5 0
github.com/anandasatriaadi/go-idx-scraper/tools/mongo_repo/main.go:376.47,378.49 1 0
github.com/anandasatriaadi/go-idx-scraper/tools/mongo_repo/main.go:378.49,381.24 2 0
github.com/anandasatriaadi/go-idx-scraper/tools/mongo_repo/main.go:381.24,383.4 1 0
github.com/anandasatriaadi/go-idx-scraper/tools/mongo_repo/main.go:384.3,384.17 1 0
github.com/anandasatriaadi/go-idx-scraper/tools/mongo_repo/main.go:386.2,386.11 1 0
github.com/anandasatriaadi/go-idx-scraper/tools/mongo_repo/main.go:389.62,390.31 1 0
github.com/anandasatriaadi/go-idx-scraper/tools/mongo_repo/main.go:390.31,397.38 4 0
github.com/anandasatriaadi/go-idx-scraper/tools/mongo_repo/main.go:397.38,400.23 2 0
github.com/anandasatriaadi/go-idx-scraper/tools/mongo_repo/main.go:400.23,403.47 2 0
github.com/anandasatriaadi/go-idx-scraper/tools/mongo_repo/main.go:403.47,405.6 1 0
github.com/anandasatriaadi/go-idx-scraper/tools/mongo_repo/main.go:411.38,412.26 1 0
github.com/anandasatriaadi/go-idx-scraper/tools/mongo_repo/main.go:413.18,414.16 1 0
github.com/anandasatriaadi/go-idx-scraper/tools/mongo_repo/main.go:415.21,416.30 1 0
github.com/anandasatriaadi/go-idx-scraper/tools/mongo_repo/main.go:417.22,418.33 1 0
github.com/anandasatriaadi/go-idx-scraper/tools/mongo_repo/main.go:419.25,420.43 1 0
github.com/anandasatriaadi/go-idx-scraper/tools/mongo_repo/main.go:421.20,422.62 1 0
github.com/anandasatriaadi/go-idx-scraper/tools/mongo_repo/main.go:423.10,424.23 1 0
github.com/anandasatriaadi/go-idx-scraper/tools/mongo_repo/main.go:428.49,429.18 1 0
github.com/anandasatriaadi/go-idx-scraper/tools/mongo_repo/main.go:429.18,431.3 1 0
github.com/anandasatriaadi/go-idx-scraper/tools/mongo_repo/main.go:432.2,433.43 2 0
github.com/anandasatriaadi/go-idx-scraper/tools/mongo_repo/main.go:433.43,435.10 2 0
github.com/anandasatriaadi/go-idx-scraper/tools/mongo_repo/main.go:435.10,436.12 1 0
github.com/anandasatriaadi/go-idx-scraper/tools/mongo_repo/main.go:438.3,440.12 3 0
github.com/anandasatriaadi/go-idx-scraper/tools/mongo_repo/main.go:440.12,442.4 1 0
github.com/anandasatriaadi/go-idx-scraper/tools/mongo_repo/main.go:443.3,443.13 1 0
github.com/anandasatriaadi/go-idx-scraper/tools/mongo_repo/main.go:445.2,445.11 1 0
github.com/anandasatriaadi/go-idx-scraper/tools/mongo_repo/main.go:448.56,451.32 2 0
github.com/anandasatriaadi/go-idx-scraper/tools/mongo_repo/main.go:451.32,454.22 3 0
github.com/anandasatriaadi/go-idx-scraper/tools/mongo_repo/main.go:454.22,456.4 1 0
github.com/anandasatriaadi/go-idx-scraper/tools/mongo_repo/main.go:456.9,460.4 2 0
github.com/anandasatriaadi/go-idx-scraper/tools/mongo_repo/main.go:461.3,461.23 1 0
github.com/anandasatriaadi/go-idx-scraper/tools/mongo_repo/main.go:463.2,463.16 1 0
github.com/anandasatriaadi/go-idx-scraper/tools/mongo_repo/main.go:466.13,471.16 4 0
github.com/anandasatriaadi/go-idx-scraper/tools/mongo_repo/main.go:471.16,473.3 1 0
github.com/anandasatriaadi/go-idx-scraper/tools/mongo_repo/main.go:475.2,475.88 1 0
github.com/anandasatriaadi/go-idx-scraper/tools/mongo_repo/main.go:475.88,477.3 1 0
github.com/anandasatriaadi/go-idx-scraper/tools/mongo_repo/main.go:479.2,480.15 2 0
github.com/anandasatriaadi/go-idx-scraper/tools/mongo_repo/main.go:480.15,482.3 1 0
github.com/anandasatriaadi/go-idx-scraper/tools/mongo_repo/main.go:484.2,485.22 2 0
github.com/anandasatriaadi/go-idx-scraper/tools/mongo_repo/main.go:485.22,487.3 1 0
github.com/anandasatriaadi/go-idx-scraper/tools/mongo_repo/main.go:489.2,495.16 6 0
github.com/anandasatriaadi/go-idx-scraper/tools/mongo_repo/main.go:495.16,497.3 1 0
github.com/anandasatriaadi/go-idx-scraper/tools/mongo_repo/main.go:498.2,502.18 3 0
github.com/anandasatriaadi/go-idx-scraper/tools/mongo_repo/main.go:502.18,504.22 2 0
github.com/anandasatriaadi/go-idx-scraper/tools/mongo_repo/main.go:504.22,506.41 2 0
github.com/anandasatriaadi/go-idx-scraper/tools/mongo_repo/main.go:506.41,508.36 2 0
github.com/anandasatriaadi/go-idx-scraper/tools/mongo_repo/main.go:508.36,510.6 1 0
github.com/anandasatriaadi/go-idx-scraper/tools/mongo_repo/main.go:512.5,513.12 2 0
github.com/anandasatriaadi/go-idx-scraper/tools/mongo_repo/main.go:513.12,515.6 1 0
github.com/anandasatriaadi/go-idx-scraper/tools/mongo_repo/main.go:517.5,517.42 1 0
github.com/anandasatriaadi/go-idx-scraper/tools/mongo_repo/main.go:517.42,518.39 1 0
github.com/anandasatriaadi/go-idx-scraper/tools/mongo_repo/main.go:518.39,524.31 5 0
github.com/anandasatriaadi/go-idx-scraper/tools/mongo_repo/main.go:524.31,527.28 3 0
github.com/anandasatriaadi/go-idx-scraper/tools/mongo_repo/main.go:527.28,529.9 1 0
github.com/anandasatriaadi/go-idx-scraper/tools/mongo_repo/main.go:531.7,531.31 1 0
github.com/anandasatriaadi/go-idx-scraper/tools/mongo_repo/main.go:531.31,534.28 3 0
github.com/anandasatriaadi/go-idx-scraper/tools/mongo_repo/main.go:534.28,536.9 1 0
github.com/anandasatriaadi/go-idx-scraper/tools/mongo_repo/main.go:539.7,539.24 1 0
github.com/anandasatriaadi/go-idx-scraper/tools/mongo_repo/main.go:539.24,541.8 1 0
github.com/anandasatriaadi/go-idx-scraper/tools/mongo_repo/main.go:542.7,542.24 1 0
github.com/anandasatriaadi/go-idx-scraper/tools/mongo_repo/main.go:542.24,544.8 1 0
github.com/anandasatriaadi/go-idx-scraper/tools/mongo_repo/main.go:546.7,555.9 1 0
github.com/anandasatriaadi/go-idx-scraper/tools/mongo_repo/main.go:558.5,559.17 2 0
github.com/anandasatriaadi/go-idx-scraper/tools/mongo_repo/main.go:565.2,565.12 1 0
github.com/anandasatriaadi/go-idx-scraper/tools/mongo_repo/main.go:565.12,566.33 1 0
github.com/anandasatriaadi/go-idx-scraper/tools/mongo_repo/main.go:566.33,567.13 1 0
github.com/anandasatriaadi/go-idx-scraper/tools/mongo_repo/main.go:567.13,568.10 1 0
github.com/anandasatriaadi/go-idx-scraper/tools/mongo_repo/main.go:570.4,570.64 1 0
github.com/anandasatriaadi/go-idx-scraper/tools/mongo_repo/main.go:570.64,571.13 1 0
github.com/anandasatriaadi/go-idx-scraper/tools/mongo_repo/main.go:573.4,573.84 1 0
github.com/anandasatriaadi/go-idx-scraper/tools/mongo_repo/main.go:573.84,574.13 1 0
github.com/anandasatriaadi/go-idx-scraper/tools/mongo_repo/main.go:577.4,578.23 2 0
github.com/anandasatriaadi/go-idx-scraper/tools/mongo_repo/main.go:578.23,579.13 1 0
github.com/anandasatriaadi/go-idx-scraper/tools/mongo_repo/main.go:582.4,583.41 2 0
github.com/anandasatriaadi/go-idx-scraper/tools/mongo_repo/main.go:583.41,585.36 2 0
github.com/anandasatriaadi/go-idx-scraper/tools/mongo_repo/main.go:585.36,587.6 1 0
github.com/anandasatriaadi/go-idx-scraper/tools/mongo_repo/main.go:589.5,590.12 2 0
github.com/anandasatriaadi/go-idx-scraper/tools/mongo_repo/main.go:590.12,592.6 1 0
github.com/anandasatriaadi/go-idx-scraper/tools/mongo_repo/main.go:594.5,594.42 1 0
github.com/anandasatriaadi/go-idx-scraper/tools/mongo_repo/main.go:594.42,595.39 1 0
github.com/anandasatriaadi/go-idx-scraper/tools/mongo_repo/main.go:595.39,601.31 5 0
github.com/anandasatriaadi/go-idx-scraper/tools/mongo_repo/main.go:601.31,604.28 3 0
github.com/anandasatriaadi/go-idx-scraper/tools/mongo_repo/main.go:604.28,606.9 1 0
github.com/anandasatriaadi/go-idx-scraper/tools/mongo_repo/main.go:608.7,608.31 1 0
github.com/anandasatriaadi/go-idx-scraper/tools/mongo_repo/main.go:608.31,611.28 3 0
github.com/anandasatriaadi/go-idx-scraper/tools/mongo_repo/main.go:611.28,613.9 1 0
github.com/anandasatriaadi/go-idx-scraper/tools/mongo_repo/main.go:616.7,616.24 1 0
github.com/anandasatriaadi/go-idx-scraper/tools/mongo_repo/main.go:616.24,618.8 1 0
github.com/anandasatriaadi/go-idx-scraper/tools/mongo_repo/main.go:619.7,619.24 1 0
github.com/anandasatriaadi/go-idx-scraper/tools/mongo_repo/main.go:619.24,621.8 1 0
github.com/anandasatriaadi/go-idx-scraper/tools/mongo_repo/main.go:623.7,632.9 1 0
github.com/anandasatriaadi/go-idx-scraper/tools/mongo_repo/main.go:635.5,636.17 2 0
github.com/anandasatriaadi/go-idx-scraper/tools/mongo_repo/main.go:642.2,647.35 4 0
github.com/anandasatriaadi/go-idx-scraper/tools/mongo_repo/main.go:647.35,648.47 1 0
github.com/anandasatriaadi/go-idx-scraper/tools/mongo_repo/main.go:648.47,650.4 1 0
github.com/anandasatriaadi/go-idx-scraper/tools/mongo_repo/main.go:653.2,668.56 4 0
github.com/anandasatriaadi/go-idx-scraper/tools/mongo_repo/main.go:668.56,670.3 1 0
github.com/anandasatriaadi/go-idx-scraper/tools/mongo_repo/main.go:672.2,673.16 2 0
github.com/anandasatriaadi/go-idx-scraper/tools/mongo_repo/main.go:673.16,675.3 1 0
github.com/anandasatriaadi/go-idx-scraper/tools/mongo_repo/main.go:677.2,678.64 2 0
github.com/anandasatriaadi/go-idx-scraper/tools/mongo_repo/main.go:678.64,680.3 1 0
github.com/anandasatriaadi/go-idx-scraper/tools/mongo_repo/main.go:682.2,685.21 2 0
github.com/anandasatriaadi/go-idx-scraper/tools/mongo_repo/main.go:685.21,688.49 3 0
github.com/anandasatriaadi/go-idx-scraper/tools/mongo_repo/main.go:688.49,690.4 1 0
github.com/anandasatriaadi/go-idx-scraper/tools/mongo_repo/main.go:692.3,693.17 2 0
github.com/anandasatriaadi/go-idx-scraper/tools/mongo_repo/main.go:693.17,695.4 1 0
github.com/anandasatriaadi/go-idx-scraper/tools/mongo_repo/main.go:697.3,698.65 2 0
github.com/anandasatriaadi/go-idx-scraper/tools/mongo_repo/main.go:698.65,700.4 1 0
github.com/anandasatriaadi/go-idx-scraper/tools/mongo_repo/main.go:702.3,702.61 1 0
github.com/anandasatriaadi/go-idx-scraper/internal/helper/email.go:17.68,18.37 1 0
github.com/anandasatriaadi/go-idx-scraper/internal/helper/email.go:18.37,20.3 1 0
github.com/anandasatriaadi/go-idx-scraper/internal/helper/email.go:21.2,21.35 1 0
github.com/anandasatriaadi/go-idx-scraper/internal/helper/email.go:25.84,26.37 1 0
github.com/anandasatriaadi/go-idx-scraper/internal/helper/email.go:26.37,28.3 1 0
github.com/anandasatriaadi/go-idx-scraper/internal/helper/email.go:29.2,29.347 1 0
github.com/anandasatriaadi/go-idx-scraper/internal/helper/email.go:32.96,43.31 5 0
github.com/anandasatriaadi/go-idx-scraper/internal/helper/email.go:43.31,48.3 1 0
github.com/anandasatriaadi/go-idx-scraper/internal/helper/email.go:51.2,53.41 3 0
github.com/anandasatriaadi/go-idx-scraper/internal/helper/email.go:53.41,57.3 3 0
github.com/anandasatriaadi/go-idx-scraper/internal/helper/email.go:59.2,239.16 4 0
github.com/anandasatriaadi/go-idx-scraper/internal/helper/email.go:239.16,242.3 2 0
github.com/anandasatriaadi/go-idx-scraper/internal/helper/email.go:244.2,245.49 2 0
github.com/anandasatriaadi/go-idx-scraper/internal/helper/email.go:245.49,248.3 2 0
github.com/anandasatriaadi/go-idx-scraper/internal/helper/email.go:250.2,250.21 1 0
github.com/anandasatriaadi/go-idx-scraper/internal/helper/email.go:253.80,272.19 10 0
github.com/anandasatriaadi/go-idx-scraper/internal/helper/email.go:272.19,273.42 1 0
github.com/anandasatriaadi/go-idx-scraper/internal/helper/email.go:273.42,275.14 2 0
github.com/anandasatriaadi/go-idx-scraper/internal/helper/email.go:275.14,277.5 1 0
github.com/anandasatriaadi/go-idx-scraper/internal/helper/email.go:278.4,278.31 1 0
github.com/anandasatriaadi/go-idx-scraper/internal/helper/email.go:279.9,282.4 2 0
github.com/anandasatriaadi/go-idx-scraper/internal/helper/email.go:285.2,285.12 1 0
github.com/anandasatriaadi/go-idx-scraper/internal/helper/email.go:315.81,317.36 2 0
github.com/anandasatriaadi/go-idx-scraper/internal/helper/email.go:317.36,318.28 1 0
github.com/anandasatriaadi/go-idx-scraper/internal/helper/email.go:318.28,320.4 1 0
github.com/anandasatriaadi/go-idx-scraper/internal/helper/email.go:323.2,325.30 3 0
github.com/anandasatriaadi/go-idx-scraper/internal/helper/email.go:325.30,327.3 1 0
github.com/anandasatriaadi/go-idx-scraper/internal/helper/email.go:328.2,329.33 2 0
github.com/anandasatriaadi/go-idx-scraper/internal/helper/email.go:329.33,332.28 3 0
github.com/anandasatriaadi/go-idx-scraper/internal/helper/email.go:332.28,334.32 2 0
github.com/anandasatriaadi/go-idx-scraper/internal/helper/email.go:334.32,337.5 1 0
github.com/anandasatriaadi/go-idx-scraper/internal/helper/email.go:338.4,339.34 2 0
github.com/anandasatriaadi/go-idx-scraper/internal/helper/email.go:339.34,341.5 1 0
github.com/anandasatriaadi/go-idx-scraper/internal/helper/email.go:342.4,344.32 3 0
github.com/anandasatriaadi/go-idx-scraper/internal/helper/email.go:344.32,346.41 2 0
github.com/anandasatriaadi/go-idx-scraper/internal/helper/email.go:346.41,347.16 1 0
github.com/anandasatriaadi/go-idx-scraper/internal/helper/email.go:347.16,348.15 1 0
github.com/anandasatriaadi/go-idx-scraper/internal/helper/email.go:350.6,353.8 1 0
github.com/anandasatriaadi/go-idx-scraper/internal/helper/email.go:356.4,362.6 1 0
github.com/anandasatriaadi/go-idx-scraper/internal/helper/email.go:364.3,367.5 1 0
github.com/anandasatriaadi/go-idx-scraper/internal/helper/email.go:369.2,369.15 1 0
github.com/anandasatriaadi/go-idx-scraper/internal/helper/email.go:373.92,525.16 5 0
github.com/anandasatriaadi/go-idx-scraper/internal/helper/email.go:525.16,527.3 1 0
github.com/anandasatriaadi/go-idx-scraper/internal/helper/email.go:529.2,530.49 2 0
github.com/anandasatriaadi/go-idx-scraper/internal/helper/email.go:530.49,532.3 1 0
github.com/anandasatriaadi/go-idx-scraper/internal/helper/email.go:534.2,534.26 1 0
github.com/anandasatriaadi/go-idx-scraper/internal/helper/email.go:538.72,552.19 9 0
github.com/anandasatriaadi/go-idx-scraper/internal/helper/email.go:552.19,553.42 1 0
github.com/anandasatriaadi/go-idx-scraper/internal/helper/email.go:553.42,555.14 2 0
github.com/anandasatriaadi/go-idx-scraper/internal/helper/email.go:555.14,557.5 1 0
github.com/anandasatriaadi/go-idx-scraper/internal/helper/email.go:558.4,558.31 1 0
github.com/anandasatriaadi/go-idx-scraper/internal/helper/email.go:559.9,562.4 2 0
github.com/anandasatriaadi/go-idx-scraper/internal/helper/email.go:565.2,565.12 1 0
github.com/anandasatriaadi/go-idx-scraper/internal/helper/excel.go:13.84,15.81 1 0
github.com/anandasatriaadi/go-idx-scraper/internal/helper/excel.go:15.81,16.17 1 0
github.com/anandasatriaadi/go-idx-scraper/internal/helper/excel.go:16.17,18.4 1 0
github.com/anandasatriaadi/go-idx-scraper/internal/helper/excel.go:19.3,19.46 1 0
github.com/anandasatriaadi/go-idx-scraper/internal/helper/excel.go:19.46,21.4 1 0
github.com/anandasatriaadi/go-idx-scraper/internal/helper/excel.go:22.3,22.13 1 0
github.com/anandasatriaadi/go-idx-scraper/internal/helper/excel.go:25.2,26.16 2 0
github.com/anandasatriaadi/go-idx-scraper/internal/helper/excel.go:26.16,28.3 1 0
github.com/anandasatriaadi/go-idx-scraper/internal/helper/excel.go:29.2,29.29 1 0
github.com/anandasatriaadi/go-idx-scraper/internal/helper/excel.go:29.29,31.3 1 0
github.com/anandasatriaadi/go-idx-scraper/internal/helper/excel.go:32.2,32.12 1 0
github.com/anandasatriaadi/go-idx-scraper/internal/helper/excel.go:35.55,37.16 2 0
github.com/anandasatriaadi/go-idx-scraper/internal/helper/excel.go:37.16,40.3 2 0
github.com/anandasatriaadi/go-idx-scraper/internal/helper/excel.go:41.2,43.41 2 0
github.com/anandasatriaadi/go-idx-scraper/internal/helper/excel.go:43.41,46.10 3 0
github.com/anandasatriaadi/go-idx-scraper/internal/helper/excel.go:47.25,47.25 0 0
github.com/anandasatriaadi/go-idx-scraper/internal/helper/excel.go:49.51,50.37 1 0
github.com/anandasatriaadi/go-idx-scraper/internal/helper/excel.go:51.58,52.35 1 0
github.com/anandasatriaadi/go-idx-scraper/internal/helper/excel.go:53.52,54.37 1 0
github.com/anandasatriaadi/go-idx-scraper/internal/helper/excel.go:55.49,56.37 1 0
github.com/anandasatriaadi/go-idx-scraper/internal/helper/excel.go:57.11,58.24 1 0
github.com/anandasatriaadi/go-idx-scraper/internal/helper/excel.go:61.2,61.20 1 0
github.com/anandasatriaadi/go-idx-scraper/internal/helper/file.go:15.59,18.16 3 0
github.com/anandasatriaadi/go-idx-scraper/internal/helper/file.go:18.16,20.3 1 0
github.com/anandasatriaadi/go-idx-scraper/internal/helper/file.go:22.2,22.29 1 0
github.com/anandasatriaadi/go-idx-scraper/internal/helper/file.go:22.29,23.43 1 0
github.com/anandasatriaadi/go-idx-scraper/internal/helper/file.go:23.43,26.4 2 0
github.com/anandasatriaadi/go-idx-scraper/internal/helper/file.go:29.2,29.20 1 0
github.com/anandasatriaadi/go-idx-scraper/internal/helper/file.go:32.38,34.16 2 0
github.com/anandasatriaadi/go-idx-scraper/internal/helper/file.go:34.16,36.3 1 0
github.com/anandasatriaadi/go-idx-scraper/internal/helper/file.go:37.2,41.16 3 0
github.com/anandasatriaadi/go-idx-scraper/internal/helper/file.go:41.16,43.3 1 0
github.com/anandasatriaadi/go-idx-scraper/internal/helper/file.go:44.2,48.16 3 0
github.com/anandasatriaadi/go-idx-scraper/internal/helper/file.go:48.16,50.3 1 0
github.com/anandasatriaadi/go-idx-scraper/internal/helper/file.go:53.2,53.24 1 0
github.com/anandasatriaadi/go-idx-scraper/internal/helper/file.go:56.38,59.16 2 0
github.com/anandasatriaadi/go-idx-scraper/internal/helper/file.go:59.16,61.3 1 0
github.com/anandasatriaadi/go-idx-scraper/internal/helper/file.go:64.2,64.43 1 0
github.com/anandasatriaadi/go-idx-scraper/internal/helper/file.go:64.43,66.3 1 0
github.com/anandasatriaadi/go-idx-scraper/internal/helper/file.go:67.2,67.23 1 0
github.com/anandasatriaadi/go-idx-scraper/internal/helper/file.go:70.65,72.16 2 0
github.com/anandasatriaadi/go-idx-scraper/internal/helper/file.go:72.16,74.3 1 0
github.com/anandasatriaadi/go-idx-scraper/internal/helper/file.go:76.2,76.29 1 0
github.com/anandasatriaadi/go-idx-scraper/internal/helper/file.go:76.29,80.17 4 0
github.com/anandasatriaadi/go-idx-scraper/internal/helper/file.go:80.17,82.4 1 0
github.com/anandasatriaadi/go-idx-scraper/internal/helper/file.go:82.9,84.4 1 0
github.com/anandasatriaadi/go-idx-scraper/internal/helper/file.go:87.2,87.12 1 0
github.com/anandasatriaadi/go-idx-scraper/internal/helper/stock.go:11.73,13.16 2 1
github.com/anandasatriaadi/go-idx-scraper/internal/helper/stock.go:13.16,14.25 1 1
github.com/anandasatriaadi/go-idx-scraper/internal/helper/stock.go:14.25,16.19 2 1
github.com/anandasatriaadi/go-idx-scraper/internal/helper/stock.go:16.19,19.5 2 0
github.com/anandasatriaadi/go-idx-scraper/internal/helper/stock.go:20.4,20.26 1 1
github.com/anandasatriaadi/go-idx-scraper/internal/helper/stock.go:22.3,23.18 2 0
github.com/anandasatriaadi/go-idx-scraper/internal/helper/stock.go:25.2,26.54 2 1
github.com/anandasatriaadi/go-idx-scraper/internal/helper/stock.go:26.54,29.3 2 1
github.com/anandasatriaadi/go-idx-scraper/internal/helper/stock.go:30.2,30.20 1 1
github.com/anandasatriaadi/go-idx-scraper/internal/feature/finreport/service.go:16.63,21.2 1 1
github.com/anandasatriaadi/go-idx-scraper/internal/feature/finreport/service.go:23.73,25.2 1 1
github.com/anandasatriaadi/go-idx-scraper/internal/feature/finreport/service.go:27.136,29.2 1 1
github.com/anandasatriaadi/go-idx-scraper/internal/feature/news/service.go:21.83,27.2 1 1
github.com/anandasatriaadi/go-idx-scraper/internal/feature/news/service.go:29.62,31.2 1 1
github.com/anandasatriaadi/go-idx-scraper/internal/feature/news/service.go:33.77,35.2 1 1
github.com/anandasatriaadi/go-idx-scraper/internal/feature/news/service.go:37.82,39.2 1 1
github.com/anandasatriaadi/go-idx-scraper/internal/feature/news/service.go:47.77,49.18 2 0
github.com/anandasatriaadi/go-idx-scraper/internal/feature/news/service.go:49.18,51.3 1 0
github.com/anandasatriaadi/go-idx-scraper/internal/feature/news/service.go:52.2,55.16 3 0
github.com/anandasatriaadi/go-idx-scraper/internal/feature/news/service.go:55.16,57.3 1 0
github.com/anandasatriaadi/go-idx-scraper/internal/feature/news/service.go:59.2,59.25 1 0
github.com/anandasatriaadi/go-idx-scraper/internal/feature/news/service.go:59.25,62.17 3 0
github.com/anandasatriaadi/go-idx-scraper/internal/feature/news/service.go:62.17,64.12 2 0
github.com/anandasatriaadi/go-idx-scraper/internal/feature/news/service.go:67.3,86.17 3 0
github.com/anandasatriaadi/go-idx-scraper/internal/feature/news/service.go:86.17,88.12 2 0
github.com/anandasatriaadi/go-idx-scraper/internal/feature/news/service.go:91.3,92.27 2 0
github.com/anandasatriaadi/go-idx-scraper/internal/feature/news/service.go:92.27,93.96 1 0
github.com/anandasatriaadi/go-idx-scraper/internal/feature/news/service.go:93.96,95.13 2 0
github.com/anandasatriaadi/go-idx-scraper/internal/feature/news/service.go:98.4,109.18 4 0
github.com/anandasatriaadi/go-idx-scraper/internal/feature/news/service.go:109.18,111.5 1 0
github.com/anandasatriaadi/go-idx-scraper/internal/feature/news/service.go:111.10,113.5 1 0
github.com/anandasatriaadi/go-idx-scraper/internal/feature/news/service.go:116.2,117.12 2 0
github.com/anandasatriaadi/go-idx-scraper/internal/feature/announcement/service.go:15.63,20.2 1 1
github.com/anandasatriaadi/go-idx-scraper/internal/feature/announcement/service.go:22.70,24.2 1 1
github.com/anandasatriaadi/go-idx-scraper/internal/feature/announcement/service.go:26.88,27.34 1 0
github.com/anandasatriaadi/go-idx-scraper/internal/feature/announcement/service.go:27.34,28.47 1 0
github.com/anandasatriaadi/go-idx-scraper/internal/feature/announcement/service.go:28.47,30.4 1 0
github.com/anandasatriaadi/go-idx-scraper/internal/feature/announcement/service.go:32.2,32.12 1 0
github.com/anandasatriaadi/go-idx-scraper/internal/feature/announcement/service.go:35.130,37.2 1 1
github.com/anandasatriaadi/go-idx-scraper/internal/feature/announcement/service.go:39.83,41.2 1 0
github.com/anandasatriaadi/go-idx-scraper/internal/feature/announcement/service.go:43.72,45.2 1 0
github.com/anandasatriaadi/go-idx-scraper/internal/infra/idx/adapter.go:34.82,36.40 2 1
github.com/anandasatriaadi/go-idx-scraper/internal/infra/idx/adapter.go:36.40,60.46 3 1
github.com/anandasatriaadi/go-idx-scraper/internal/infra/idx/adapter.go:60.46,62.18 2 1
github.com/anandasatriaadi/go-idx-scraper/internal/infra/idx/adapter.go:62.18,64.5 1 1
github.com/anandasatriaadi/go-idx-scraper/internal/infra/idx/adapter.go:65.4,65.26 1 1
github.com/anandasatriaadi/go-idx-scraper/internal/infra/idx/adapter.go:68.3,68.44 1 1
github.com/anandasatriaadi/go-idx-scraper/internal/infra/idx/adapter.go:68.44,70.18 2 1
github.com/anandasatriaadi/go-idx-scraper/internal/infra/idx/adapter.go:70.18,72.5 1 0
github.com/anandasatriaadi/go-idx-scraper/internal/infra/idx/adapter.go:73.4,73.24 1 1
github.com/anandasatriaadi/go-idx-scraper/internal/infra/idx/adapter.go:75.3,75.45 1 1
github.com/anandasatriaadi/go-idx-scraper/internal/infra/idx/adapter.go:77.2,77.27 1 1
github.com/anandasatriaadi/go-idx-scraper/internal/infra/scraper/kontan/scraper.go:27.67,29.2 1 0
github.com/anandasatriaadi/go-idx-scraper/internal/infra/scraper/kontan/scraper.go:31.85,32.42 1 0
github.com/anandasatriaadi/go-idx-scraper/internal/infra/scraper/kontan/scraper.go:32.42,34.3 1 0
github.com/anandasatriaadi/go-idx-scraper/internal/infra/scraper/kontan/scraper.go:36.2,39.16 3 0
github.com/anandasatriaadi/go-idx-scraper/internal/infra/scraper/kontan/scraper.go:39.16,41.3 1 0
github.com/anandasatriaadi/go-idx-scraper/internal/infra/scraper/kontan/scraper.go:42.2,42.39 1 0
github.com/anandasatriaadi/go-idx-scraper/internal/infra/scraper/kontan/scraper.go:45.96,46.42 1 0
github.com/anandasatriaadi/go-idx-scraper/internal/infra/scraper/kontan/scraper.go:46.42,48.3 1 0
github.com/anandasatriaadi/go-idx-scraper/internal/infra/scraper/kontan/scraper.go:49.2,52.16 3 0
github.com/anandasatriaadi/go-idx-scraper/internal/infra/scraper/kontan/scraper.go:52.16,54.3 1 0
github.com/anandasatriaadi/go-idx-scraper/internal/infra/scraper/kontan/scraper.go:55.2,59.16 4 0
github.com/anandasatriaadi/go-idx-scraper/internal/infra/scraper/kontan/scraper.go:59.16,61.3 1 0
github.com/anandasatriaadi/go-idx-scraper/internal/infra/scraper/kontan/scraper.go:63.2,63.40 1 0
github.com/anandasatriaadi/go-idx-scraper/internal/infra/scraper/kontan/scraper.go:72.63,78.2 1 1
github.com/anandasatriaadi/go-idx-scraper/internal/infra/scraper/kontan/scraper.go:80.51,83.2 2 1
github.com/anandasatriaadi/go-idx-scraper/internal/infra/scraper/kontan/scraper.go:95.119,96.64 1 1
github.com/anandasatriaadi/go-idx-scraper/internal/infra/scraper/kontan/scraper.go:96.64,100.7 3 1
github.com/anandasatriaadi/go-idx-scraper/internal/infra/scraper/kontan/scraper.go:100.7,102.18 2 1
github.com/anandasatriaadi/go-idx-scraper/internal/infra/scraper/kontan/scraper.go:102.18,104.10 2 1
github.com/anandasatriaadi/go-idx-scraper/internal/infra/scraper/kontan/scraper.go:107.4,110.26 3 1
github.com/anandasatriaadi/go-idx-scraper/internal/infra/scraper/kontan/scraper.go:110.26,111.10 1 0
github.com/anandasatriaadi/go-idx-scraper/internal/infra/scraper/kontan/scraper.go:114.4,114.33 1 1
github.com/anandasatriaadi/go-idx-scraper/internal/infra/scraper/kontan/scraper.go:114.33,118.19 3 1
github.com/anandasatriaadi/go-idx-scraper/internal/infra/scraper/kontan/scraper.go:118.19,120.14 2 1
github.com/anandasatriaadi/go-idx-scraper/internal/infra/scraper/kontan/scraper.go:123.5,124.19 2 1
github.com/anandasatriaadi/go-idx-scraper/internal/infra/scraper/kontan/scraper.go:124.19,126.14 2 0
github.com/anandasatriaadi/go-idx-scraper/internal/infra/scraper/kontan/scraper.go:129.5,130.19 2 1
github.com/anandasatriaadi/go-idx-scraper/internal/infra/scraper/kontan/scraper.go:130.19,132.14 2 0
github.com/anandasatriaadi/go-idx-scraper/internal/infra/scraper/kontan/scraper.go:135.5,145.42 2 1
github.com/anandasatriaadi/go-idx-scraper/internal/infra/scraper/kontan/scraper.go:145.42,147.6 1 0
github.com/anandasatriaadi/go-idx-scraper/internal/infra/scraper/kontan/scraper.go:150.4,150.26 1 1
github.com/anandasatriaadi/go-idx-scraper/internal/infra/scraper/kontan/scraper.go:150.26,151.10 1 1
github.com/anandasatriaadi/go-idx-scraper/internal/infra/scraper/kontan/scraper.go:153.4,153.17 1 0
github.com/anandasatriaadi/go-idx-scraper/internal/infra/scraper/kontan/scraper.go:156.2,156.12 1 1
github.com/anandasatriaadi/go-idx-scraper/internal/infra/scraper/kontan/scraper.go:159.106,161.18 2 1
github.com/anandasatriaadi/go-idx-scraper/internal/infra/scraper/kontan/scraper.go:161.18,163.3 1 1
github.com/anandasatriaadi/go-idx-scraper/internal/infra/scraper/kontan/scraper.go:163.8,165.3 1 0
github.com/anandasatriaadi/go-idx-scraper/internal/infra/scraper/kontan/scraper.go:166.2,171.16 6 1
github.com/anandasatriaadi/go-idx-scraper/internal/infra/scraper/kontan/scraper.go:171.16,173.3 1 1
github.com/anandasatriaadi/go-idx-scraper/internal/infra/scraper/kontan/scraper.go:174.2,174.25 1 1
github.com/anandasatriaadi/go-idx-scraper/internal/infra/scraper/kontan/scraper.go:177.89,179.16 2 1
github.com/anandasatriaadi/go-idx-scraper/internal/infra/scraper/kontan/scraper.go:179.16,181.3 1 1
github.com/anandasatriaadi/go-idx-scraper/internal/infra/scraper/kontan/scraper.go:183.2,183.42 1 1
github.com/anandasatriaadi/go-idx-scraper/internal/infra/scraper/kontan/scraper.go:183.42,185.3 1 1
github.com/anandasatriaadi/go-idx-scraper/internal/infra/scraper/kontan/scraper.go:187.2,187.44 1 1
github.com/anandasatriaadi/go-idx-scraper/internal/infra/scraper/kontan/scraper.go:187.44,189.3 1 1
github.com/anandasatriaadi/go-idx-scraper/internal/infra/scraper/kontan/scraper.go:191.2,191.25 1 1
github.com/anandasatriaadi/go-idx-scraper/internal/infra/scraper/kontan/scraper.go:194.68,195.39 1 1
github.com/anandasatriaadi/go-idx-scraper/internal/infra/scraper/kontan/scraper.go:195.39,197.3 1 0
github.com/anandasatriaadi/go-idx-scraper/internal/infra/scraper/kontan/scraper.go:199.2,202.16 4 1
github.com/anandasatriaadi/go-idx-scraper/internal/infra/scraper/kontan/scraper.go:202.16,205.3 2 0
github.com/anandasatriaadi/go-idx-scraper/internal/infra/scraper/kontan/scraper.go:207.2,207.56 1 1
github.com/anandasatriaadi/go-idx-scraper/internal/infra/scraper/kontan/scraper.go:207.56,210.39 3 1
github.com/anandasatriaadi/go-idx-scraper/internal/infra/scraper/kontan/scraper.go:210.39,212.4 1 1
github.com/anandasatriaadi/go-idx-scraper/internal/infra/scraper/kontan/scraper.go:213.3,218.18 6 1
github.com/anandasatriaadi/go-idx-scraper/internal/infra/scraper/kontan/scraper.go:218.18,220.4 1 1
github.com/anandasatriaadi/go-idx-scraper/internal/infra/scraper/kontan/scraper.go:221.3,221.55 1 1
github.com/anandasatriaadi/go-idx-scraper/internal/infra/scraper/kontan/scraper.go:221.55,223.4 1 1
github.com/anandasatriaadi/go-idx-scraper/internal/infra/scraper/kontan/scraper.go:224.3,224.32 1 1
github.com/anandasatriaadi/go-idx-scraper/internal/infra/scraper/kontan/scraper.go:224.32,232.4 1 1
github.com/anandasatriaadi/go-idx-scraper/internal/infra/scraper/kontan/scraper.go:235.2,235.17 1 1
github.com/anandasatriaadi/go-idx-scraper/internal/infra/scraper/kontan/scraper.go:238.64,253.31 2 1
github.com/anandasatriaadi/go-idx-scraper/internal/infra/scraper/kontan/scraper.go:253.31,255.3 1 1
github.com/anandasatriaadi/go-idx-scraper/internal/infra/scraper/kontan/scraper.go:256.2,256.47 1 1
github.com/anandasatriaadi/go-idx-scraper/internal/infra/scraper/kontan/scraper.go:266.78,271.2 1 1
github.com/anandasatriaadi/go-idx-scraper/internal/infra/scraper/kontan/scraper.go:274.79,276.40 2 1
github.com/anandasatriaadi/go-idx-scraper/internal/infra/scraper/kontan/scraper.go:276.40,278.3 1 0
github.com/anandasatriaadi/go-idx-scraper/internal/infra/scraper/kontan/scraper.go:280.2,283.16 3 1
github.com/anandasatriaadi/go-idx-scraper/internal/infra/scraper/kontan/scraper.go:283.16,285.3 1 0
github.com/anandasatriaadi/go-idx-scraper/internal/infra/scraper/kontan/scraper.go:287.2,287.22 1 1
github.com/anandasatriaadi/go-idx-scraper/internal/infra/scraper/kontan/scraper.go:290.83,293.16 3 1
github.com/anandasatriaadi/go-idx-scraper/internal/infra/scraper/kontan/scraper.go:293.16,296.3 2 0
github.com/anandasatriaadi/go-idx-scraper/internal/infra/scraper/kontan/scraper.go:299.2,299.104 1 1
github.com/anandasatriaadi/go-idx-scraper/internal/infra/scraper/kontan/scraper.go:299.104,303.3 3 1
github.com/anandasatriaadi/go-idx-scraper/internal/infra/scraper/kontan/scraper.go:305.2,307.55 3 1
github.com/anandasatriaadi/go-idx-scraper/internal/infra/scraper/kontan/scraper.go:307.55,309.17 2 1
github.com/anandasatriaadi/go-idx-scraper/internal/infra/scraper/kontan/scraper.go:309.17,311.4 1 1
github.com/anandasatriaadi/go-idx-scraper/internal/infra/scraper/kontan/scraper.go:313.2,313.27 1 1
github.com/anandasatriaadi/go-idx-scraper/internal/infra/scraper/kontan/scraper.go:313.27,315.3 1 1
github.com/anandasatriaadi/go-idx-scraper/internal/infra/scraper/kontan/scraper.go:315.8,317.3 1 0
github.com/anandasatriaadi/go-idx-scraper/internal/infra/scraper/kontan/scraper.go:319.2,319.32 1 1
github.com/anandasatriaadi/go-idx-scraper/internal/presentation/http/announcement_handler.go:16.81,18.2 1 0
github.com/anandasatriaadi/go-idx-scraper/internal/presentation/http/announcement_handler.go:20.51,25.2 4 0
github.com/anandasatriaadi/go-idx-scraper/internal/presentation/http/announcement_handler.go:27.78,29.16 2 0
github.com/anandasatriaadi/go-idx-scraper/internal/presentation/http/announcement_handler.go:29.16,32.3 2 0
github.com/anandasatriaadi/go-idx-scraper/internal/presentation/http/announcement_handler.go:33.2,34.42 2 0
github.com/anandasatriaadi/go-idx-scraper/internal/presentation/http/announcement_handler.go:37.79,40.16 3 0
github.com/anandasatriaadi/go-idx-scraper/internal/presentation/http/announcement_handler.go:40.16,43.3 2 0
github.com/anandasatriaadi/go-idx-scraper/internal/presentation/http/announcement_handler.go:44.2,45.32 2 0
github.com/anandasatriaadi/go-idx-scraper/internal/presentation/http/financial_report_handler.go:16.84,18.2 1 0
github.com/anandasatriaadi/go-idx-scraper/internal/presentation/http/financial_report_handler.go:20.54,24.2 3 0
github.com/anandasatriaadi/go-idx-scraper/internal/presentation/http/financial_report_handler.go:26.81,28.16 2 0
github.com/anandasatriaadi/go-idx-scraper/internal/presentation/http/financial_report_handler.go:28.16,31.3 2 0
github.com/anandasatriaadi/go-idx-scraper/internal/presentation/http/financial_report_handler.go:32.2,33.36 2 0
github.com/anandasatriaadi/go-idx-scraper/internal/presentation/http/news_handler.go:18.57,20.2 1 1
github.com/anandasatriaadi/go-idx-scraper/internal/presentation/http/news_handler.go:22.43,27.2 4 0
github.com/anandasatriaadi/go-idx-scraper/internal/presentation/http/news_handler.go:29.70,32.71 2 1
github.com/anandasatriaadi/go-idx-scraper/internal/presentation/http/news_handler.go:32.71,33.75 1 0
github.com/anandasatriaadi/go-idx-scraper/internal/presentation/http/news_handler.go:33.75,35.4 1 0
github.com/anandasatriaadi/go-idx-scraper/internal/presentation/http/news_handler.go:38.2,38.67 1 1
github.com/anandasatriaadi/go-idx-scraper/internal/presentation/http/news_handler.go:38.67,39.71 1 0
github.com/anandasatriaadi/go-idx-scraper/internal/presentation/http/news_handler.go:39.71,40.29 1 0
github.com/anandasatriaadi/go-idx-scraper/internal/presentation/http/news_handler.go:40.29,42.5 1 0
github.com/anandasatriaadi/go-idx-scraper/internal/presentation/http/news_handler.go:42.10,44.5 1 0
github.com/anandasatriaadi/go-idx-scraper/internal/presentation/http/news_handler.go:48.2,48.69 1 1
github.com/anandasatriaadi/go-idx-scraper/internal/presentation/http/news_handler.go:48.69,49.61 1 1
github.com/anandasatriaadi/go-idx-scraper/internal/presentation/http/news_handler.go:49.61,51.4 1 1
github.com/anandasatriaadi/go-idx-scraper/internal/presentation/http/news_handler.go:54.2,54.57 1 1
github.com/anandasatriaadi/go-idx-scraper/internal/presentation/http/news_handler.go:54.57,56.3 1 0
github.com/anandasatriaadi/go-idx-scraper/internal/presentation/http/news_handler.go:58.2,59.16 2 1
github.com/anandasatriaadi/go-idx-scraper/internal/presentation/http/news_handler.go:59.16,62.3 2 0
github.com/anandasatriaadi/go-idx-scraper/internal/presentation/http/news_handler.go:63.2,64.37 2 1
github.com/anandasatriaadi/go-idx-scraper/internal/presentation/http/news_handler.go:67.71,70.16 3 1
github.com/anandasatriaadi/go-idx-scraper/internal/presentation/http/news_handler.go:70.16,73.3 2 0
github.com/anandasatriaadi/go-idx-scraper/internal/presentation/http/news_handler.go:74.2,75.16 2 1
github.com/anandasatriaadi/go-idx-scraper/internal/presentation/http/news_handler.go:75.16,78.3 2 0
github.com/anandasatriaadi/go-idx-scraper/internal/presentation/http/news_handler.go:79.2,80.30 2 1
